## /opt/cubit/bin/clarox
## Cubit Version 14.0
## Cubit Build 386854
## Revised 2013-06-04 18:36:38 -0600 (Tue, 04 Jun 2013)
## Running 07/18/2014 04:14:58 PM
## Command Options:
## -warning = On
## -information = On
reset
merge tolerance 0.0002
brick x 0.02 y 0.02 z 0.003
brick x 0.02 y 0.004 z 0.0005
brick x 0.02 y 0.02 z 0.005
subtract volume 2 from volume 1 keep
delete volume 1
subtract volume 4 2 from volume 3 keep
delete volume 3
webcut volume 2 with cylinder radius 0.0015 axis z
webcut volume all with plane xplane offset 0 noimprint nomerge
webcut volume all with plane zplane offset 0.00025 noimprint nomerge
webcut volume all with plane zplane offset -0.00025 noimprint nomerge
imprint tolerant volume all
merge all
surface 100 106 size 0.0001
surface 100 106 scheme pave
mesh surface 100 106
volume 7 scheme sweep source surface 100 target surface 102
volume 14 scheme sweep source surface 106 target surface 104
mesh volume 7 14
curve 97 scheme pinpoint location 0.001 0.002 0.003 0.004 0.005 0.006 0.007 0.008 0.0093 0.0094 0.0095 0.0096 0.0097 0.0098 0.0099
curve 100 scheme pinpoint location 0.0001 0.0002 0.0003 0.0004 0.0005 0.0006 0.0007 0.002 0.003 0.004 0.005 0.006 0.007 0.008 0.009
surface 51 scheme pave
mesh surface 51
volume 2 scheme sweep source surface 51 target surface 53
mesh volume 2
curve 115 scheme pinpoint location 0.0001 0.0002 0.0003 0.0004 0.0005 0.0006 0.0007 0.002 0.003 0.004 0.005 0.006 0.007 0.008 0.009
curve 116 scheme pinpoint location 0.001 0.002 0.003 0.004 0.005 0.006 0.007 0.008 0.0093 0.0094 0.0095 0.0096 0.0097 0.0098 0.0099
surface 58 scheme pave
mesh surface 58
volume 8 scheme sweep source surface 58 target surface 56
mesh volume 8
volume 18 17 19 20 15 16 4 9 10 11 12 13 size 0.0005
mesh volume 18 17 19 20
mesh volume 15 16 4 9
mesh volume 10 11 12 13
imprint tolerant volume all
merge all
block 1 volume 16 15 18 19 9 4 20 17
block 1 name "Coolant"
block 2 volume 10 12
block 2 name "Top_Structure"
block 3 volume 11 13
block 3 name "Bottom_Structure"
block 4 volume 8 2
block 4 name "Pincers"
block 5 volume 7 14
block 5 name "Sample"
sideset 1 surface 64 77 68 74
sideset 1 name "Structure-Coolant"
sideset 2 surface 58 59 51 60 56 49 53 50
sideset 2 name "Coolant-Pincer"
sideset 3 surface 100 106 102 104
sideset 3 name "Coolant-Sample"
sideset 4 surface 93 81 94 87
sideset 4 name "Structure-Air"
export mesh "Structure.e" dimension 3 overwrite
